No case matching 'N-015'. Available: ['aki_case.json', 'ami_case.json', 'anaphylaxis_case.json', 'appendicitis_case.json', 'asthma_case.json', 'copd_case.json', 'depression_case.json', 'dka_case.json', 'dvt_case.json', 'ectopic_pregnancy_case.json', 'heart_failure_case.json', 'hyperthyroidism_case.json', 'malaria_case.json', 'meningitis_case.json', 'migraine_case.json', 'pancreatitis_case.json', 'pneumonia_case.json', 'pulmonary_embolism_case.json', 'sepsis_case.json', 'sickle_cell_case.json', 'stroke_case.json', 't1dm_dka_case.json', 'uti_case.json', 'who_cholera_case.json', 'who_dengue_case.json', 'who_hepatitis_b_case.json', 'who_malaria_severe_case.json', 'who_measles_case.json', 'who_neonatal_tetanus_case.json', 'who_rabies_case.json', 'who_tuberculosis_case.json', 'who_typhoid_case.json', 'who_yellow_fever_case.json']

[1mÔòöÔòÉÔòÉÔòÉÔòÉÔòÉÔòÉÔòÉÔòÉÔòÉÔòÉÔòÉÔòÉÔòÉÔòÉÔòÉÔòÉÔòÉÔòÉÔòÉÔòÉÔòÉÔòÉÔòÉÔòÉÔòÉÔòÉÔòÉÔòÉÔòÉÔòÉÔòÉÔòÉÔòÉÔòÉÔòÉÔòÉÔòÉÔòÉÔòÉÔòÉÔòÉÔòÉÔòÉÔòÉÔòÉÔòÉÔòÉÔòÉÔòÉÔòÉÔòÉÔòÉÔòÉÔòÉÔòÉÔòÉÔòÉÔòÉÔòù
Ôòæ           RRRIE-CDSS ÔÇö Unified Launcher                  Ôòæ
Ôòæ     Clinical Decision Support System v2.0                Ôòæ
ÔòÜÔòÉÔòÉÔòÉÔòÉÔòÉÔòÉÔòÉÔòÉÔòÉÔòÉÔòÉÔòÉÔòÉÔòÉÔòÉÔòÉÔòÉÔòÉÔòÉÔòÉÔòÉÔòÉÔòÉÔòÉÔòÉÔòÉÔòÉÔòÉÔòÉÔòÉÔòÉÔòÉÔòÉÔòÉÔòÉÔòÉÔòÉÔòÉÔòÉÔòÉÔòÉÔòÉÔòÉÔòÉÔòÉÔòÉÔòÉÔòÉÔòÉÔòÉÔòÉÔòÉÔòÉÔòÉÔòÉÔòÉÔòÉÔòÉÔòØ[0m

  Ôä╣[0m Sistem: win32 | Python: 3.12.5
  [93mÔş│[0m Main llama-server ba┼şlat─▒l─▒yor [8080]...
  [96m [0m   Model: 00fe7986ff5f6b463e62455821146049db6f9313603938a70800d1fb69ef11a4
  [92mÔ£ô[0m Main llama-server haz─▒r! (3s)
  [93mÔş│[0m DLLM llama-server ba┼şlat─▒l─▒yor [8081]...
  [96m [0m   Model: Qwen3.5-0.8B-Q4_K_M.gguf
  [92mÔ£ô[0m DLLM llama-server haz─▒r! (2s)
  [96mÔûÂ[0m Pipeline testi ba┼şlat─▒l─▒yor...
   [0m   Arg├╝manlar: --case N-015

  [92mÔ£ô[0m T├╝m testler tamamland─▒!
  [96mÔä╣[0m Main llama-server kapat─▒l─▒yor...
  [96mÔä╣[0m DLLM llama-server kapat─▒l─▒yor...
